[INFO] Scanning for projects...
[INFO] 
[INFO] ----------------< com.reedoei:testplugin-example-java >-----------------
[INFO] Building testplugin-example-java 1.0-SNAPSHOT
[INFO] --------------------------------[ jar ]---------------------------------
[INFO] 
[INFO] --- maven-resources-plugin:2.6:resources (default-resources) @ testplugin-example-java ---
[WARNING] Using platform encoding (UTF-8 actually) to copy filtered resources, i.e. build is platform dependent!
[INFO] Copying 0 resource
[INFO] 
[INFO] --- maven-compiler-plugin:3.1:compile (default-compile) @ testplugin-example-java ---
[INFO] Nothing to compile - all classes are up to date
[INFO] 
[INFO] --- maven-resources-plugin:2.6:testResources (default-testResources) @ testplugin-example-java ---
[WARNING] Using platform encoding (UTF-8 actually) to copy filtered resources, i.e. build is platform dependent!
[INFO] skip non existing resourceDirectory /home/roei/Java/testpluginexamplejava/src/test/resources
[INFO] 
[INFO] --- maven-compiler-plugin:3.1:testCompile (default-testCompile) @ testplugin-example-java ---
[INFO] Changes detected - recompiling the module!
[WARNING] File encoding has not been set, using platform encoding UTF-8, i.e. build is platform dependent!
[INFO] Compiling 3 source files to /home/roei/Java/testpluginexamplejava/target/test-classes
[INFO] 
[INFO] --- maven-surefire-plugin:2.22.1:test (default-test) @ testplugin-example-java ---
[INFO] 
[INFO] -------------------------------------------------------
[INFO]  T E S T S
[INFO] -------------------------------------------------------
[INFO] Running com.reedoei.TestDiagnosisSamples
[INFO] Tests run: 3, Failures: 0, Errors: 0, Skipped: 0, Time elapsed: 0.096 s - in com.reedoei.TestDiagnosisSamples
[INFO] Running com.reedoei.testrunner.example.java.ConfigTest
[INFO] Tests run: 3, Failures: 0, Errors: 0, Skipped: 0, Time elapsed: 0.001 s - in com.reedoei.testrunner.example.java.ConfigTest
[INFO] Running com.reedoei.TestSamples
[INFO] Tests run: 5, Failures: 0, Errors: 0, Skipped: 0, Time elapsed: 0.003 s - in com.reedoei.TestSamples
[INFO] 
[INFO] Results:
[INFO] 
[INFO] Tests run: 11, Failures: 0, Errors: 0, Skipped: 0
[INFO] 
[INFO] 
[INFO] --- maven-jar-plugin:2.4:jar (default-jar) @ testplugin-example-java ---
[INFO] Building jar: /home/roei/Java/testpluginexamplejava/target/testplugin-example-java-1.0-SNAPSHOT.jar
[INFO] 
[INFO] --- maven-install-plugin:2.4:install (default-install) @ testplugin-example-java ---
[INFO] Installing /home/roei/Java/testpluginexamplejava/target/testplugin-example-java-1.0-SNAPSHOT.jar to /home/roei/.m2/repository/com/reedoei/testplugin-example-java/1.0-SNAPSHOT/testplugin-example-java-1.0-SNAPSHOT.jar
[INFO] Installing /home/roei/Java/testpluginexamplejava/pom.xml to /home/roei/.m2/repository/com/reedoei/testplugin-example-java/1.0-SNAPSHOT/testplugin-example-java-1.0-SNAPSHOT.pom
[INFO] ------------------------------------------------------------------------
[INFO] BUILD SUCCESS
[INFO] ------------------------------------------------------------------------
[INFO] Total time: 4.139 s
[INFO] Finished at: 2019-01-15T16:33:37-06:00
[INFO] ------------------------------------------------------------------------
